═══════════════════════════════════════════════════════════
  Unsafe Usage Analysis - All Cargo Projects
═══════════════════════════════════════════════════════════

Discovering cargo projects...
Found 101 cargo projects

Starting analysis...

Analyzing: anyhow-1.0.100 ... ✓
Analyzing: num-traits-0.2.19 ... ✓
Analyzing: ryu-1.0.20 ... ✓
Analyzing: lock_api-0.4.14 ... ✓
Analyzing: smallvec-2.0.0-alpha.12 ... ✓
Analyzing: autocfg-1.5.0 ... ✓
Analyzing: serde-1.0.228 ... ✓
Analyzing: clap-4.5.53 ... ✓
Analyzing: itoa-1.0.15 ... ✓
Analyzing: reqwest-0.12.24 ... ✗ (no output)
Analyzing: zerocopy-0.9.0-alpha.0 ... ✓
Analyzing: tokio-1.48.0 ... ✓
Analyzing: tokio-macros-2.6.0 ... ✓
Analyzing: windows_x86_64_gnu-0.53.1 ... ✓
Analyzing: base64-0.22.1 ... ✓
Analyzing: futures-0.3.31 ... ✓
Analyzing: indexmap-2.12.1 ... ✓
Analyzing: syn-2.0.111 ... ✓
Analyzing: pin-project-lite-0.2.16 ... ✓
Analyzing: windows_aarch64_gnullvm-0.53.1 ... ✓
Analyzing: linux-raw-sys-0.12.0 ... ✓
Analyzing: block-buffer-0.11.0 ... ✗ (no output)
Analyzing: windows-sys-0.61.2 ... ✓
Analyzing: serde_derive-1.0.228 ... ✓
Analyzing: tracing-0.1.41 ... ✓
Analyzing: libc-1.0.0-alpha.1 ... ✓
Analyzing: sha2-0.11.0-rc.3 ... ✗ (no output)
Analyzing: cc-1.2.47 ... ✓
Analyzing: time-0.3.44 ... ✓
Analyzing: tracing-core-0.1.34 ... ✓
Analyzing: regex-1.12.2 ... ✓
Analyzing: regex-automata-0.4.13 ... ✓
Analyzing: cargo-fingrain-geiger ... ✗ (no output)
Analyzing: nom-8.0.0 ... ✓
Analyzing: heck-0.5.0 ... ✓
Analyzing: cfg-if-1.0.4 ... ✓
Analyzing: rustls-0.23.35 ... ✗ (no output)
Analyzing: nix-0.30.1 ... ✓
Analyzing: serde_json-1.0.145 ... ✓
Analyzing: futures-sink-0.3.31 ... ✓
Analyzing: lazy_static-1.5.0 ... ✓
Analyzing: futures-channel-0.3.31 ... ✓
Analyzing: fastrand-2.3.0 ... ✓
Analyzing: rand_core-0.10.0-rc-2 ... ✓
Analyzing: windows_x86_64_gnullvm-0.53.1 ... ✓
Analyzing: proc-macro2-1.0.103 ... ✓
Analyzing: clap_builder-4.5.53 ... ✓
Analyzing: bytes-1.11.0 ... ✓
Analyzing: url-2.5.7 ... ✓
Analyzing: rand-0.10.0-rc.5 ... ✓
Analyzing: mio-1.1.0 ... ✓
Analyzing: toml-0.9.8 ... ✓
Analyzing: socket2-0.6.1 ... ✓
Analyzing: strsim-0.11.1 ... ✓
Analyzing: winnow-0.7.13 ... ✗ (no output)
Analyzing: either-1.15.0 ... ✓
Analyzing: unicode-ident-1.0.22 ... ✓
Analyzing: form_urlencoded-1.2.2 ... ✓
Analyzing: once_cell-1.21.3 ... ✓
Analyzing: digest-0.11.0-rc.4 ... ✗ (no output)
Analyzing: thiserror-2.0.17 ... ✓
Analyzing: http-1.3.1 ... ✗ (no output)
Analyzing: log-0.4.28 ... ✓
Analyzing: tempfile-3.23.0 ... ✓
Analyzing: futures-core-0.3.31 ... ✓
Analyzing: futures-io-0.3.31 ... ✓
Analyzing: slab-0.4.11 ... ✓
Analyzing: futures-task-0.3.31 ... ✓
Analyzing: clap_lex-0.7.6 ... ✓
Analyzing: windows_aarch64_msvc-0.53.1 ... ✓
Analyzing: windows_x86_64_msvc-0.53.1 ... ✓
Analyzing: rustix-1.1.2 ... ✓
Analyzing: regex-syntax-0.8.8 ... ✓
Analyzing: scopeguard-1.2.0 ... ✓
Analyzing: bitflags-2.10.0 ... ✓
Analyzing: clap_derive-4.5.49 ... ✓
Analyzing: idna-1.1.0 ... ✓
Analyzing: getrandom-0.3.4 ... ✓
Analyzing: percent-encoding-2.3.2 ... ✓
Analyzing: hashbrown-0.16.1 ... ✓
Analyzing: windows_i686_gnu-0.53.1 ... ✓
Analyzing: parking_lot-0.12.5 ... ✓
Analyzing: chrono-0.4.42 ... ✓
Analyzing: itertools-0.14.0 ... ✓
Analyzing: semver-1.0.27 ... ✓
Analyzing: tracing-attributes-0.1.30 ... ✓
Analyzing: toml_edit-0.23.7 ... ✓
Analyzing: miniz_oxide-0.8.9 ... ✓
Analyzing: rand_chacha-0.10.0-rc.1 ... ✓
Analyzing: h2-0.4.12 ... ✓
Analyzing: hyper-1.8.1 ... ✓
Analyzing: crossbeam-utils-0.8.21 ... ✓
Analyzing: windows_i686_msvc-0.53.1 ... ✓
Analyzing: thiserror-impl-2.0.17 ... ✓
Analyzing: tokio-util-0.7.17 ... ✓
Analyzing: parking_lot_core-0.9.12 ... ✓
Analyzing: windows-targets-0.53.5 ... ✓
Analyzing: futures-util-0.3.31 ... ✓
Analyzing: aho-corasick-1.1.4 ... ✓
Analyzing: quote-1.0.42 ... ✓
Analyzing: memchr-2.7.6 ... ✓
═══════════════════════════════════════════════════════════
  AGGREGATE STATISTICS
═══════════════════════════════════════════════════════════

Successfully analyzed: 93
Failed to analyze: 8

┌─────────────────────┬──────────┬──────────┬────────────┐
│ Metric              │ Unsafe   │ Total    │ Percentage │
├─────────────────────┼──────────┼──────────┼────────────┤
./analyze_all.sh: line 136: bc: command not found
│ Functions           │      212 │      783 │      0.00% │
./analyze_all.sh: line 136: bc: command not found
│ Expressions         │    13139 │    53058 │      0.00% │
./analyze_all.sh: line 136: bc: command not found
│ Impls               │      227 │      404 │      0.00% │
./analyze_all.sh: line 136: bc: command not found
│ Traits              │       35 │       41 │      0.00% │
./analyze_all.sh: line 136: bc: command not found
│ Methods             │      533 │     2975 │      0.00% │
./analyze_all.sh: line 136: bc: command not found
│ Ptr Derefs          │      482 │      916 │      0.00% │
│ Unsafe Calls        │        0 │        0 │      0.00% │
└─────────────────────┴──────────┴──────────┴────────────┘

./analyze_all.sh: line 136: bc: command not found
TOTAL UNSAFE USAGE: 14628 out of 58177 items (%)

═══════════════════════════════════════════════════════════
  Results saved to:
    - unsafe_analysis_results.csv (detailed CSV)
    - unsafe_analysis_summary.txt (this summary)
═══════════════════════════════════════════════════════════

Analysis complete!
